
$ pwd
/c/Users/serki


$ cd onedrive
 ~/onedrive (master)
$ cd desktop
 ~/onedrive/desktop (master)
$ cd test-repos

~/onedrive/desktop/test-repos (master)
$ git init
Initialized empty Git repository in C:/Users/serki/OneDrive/Desktop/test-repos/.git/
 ~/onedrive/desktop/test-repos (master)
$ git status
On branch master

No commits yet

Untracked files:
  (use "git add <file>..." to include in what will be committed)
        newFile.html
No commits yete.txt
        test.html
Changes to be committed:
  (use "git rm --cached <file>..." to unstage)
        new file:   newFile.htmlacked files present (use "git add" to track)
        new file:   newFile.txt
        new file:   test.html ~/onedrive/desktop/test-repos (master)
        new file:   test.txtle.txt test.html test.txt

 ~/onedrive/desktop/test-repos (master)
~/onedrive/desktop/test-repos (master)
$ git commit -m "4files"
[master (root-commit) 43e9afe] 4files
 4 files changed, 0 insertions(+), 0 deletions(-)
 create mode 100644 newFile.html
 create mode 100644 newFile.txt
 create mode 100644 test.html
 create mode 100644 test.txt
~/onedrive/desktop/test-repos (master)
$ git branch -m main

~/onedrive/desktop/test-repos (main)
$ git remote add origin https://github.com/Serkitulu/test-repos.git
~/onedrive/desktop/test-repos (main)
$ git push -u origin main
info: please complete authentication in your browser...
Enumerating objects: 3, done.
Counting objects: 100% (3/3), done.
Delta compression using up to 8 threads
Compressing objects: 100% (2/2), done.
Writing objects: 100% (3/3), 235 bytes | 235.00 KiB/s, done.
Total 3 (delta 0), reused 0 (delta 0), pack-reused 0
To https://github.com/Serkitulu/test-repos.git
 * [new branch]      main -> main
Branch 'main' set up to track remote branch 'main' from 'origin'.
g~/onedrive/desktop/test-repos (main)
$
